77f3b6ab7f0b30eac6c84baecd7308c462df575b5a1bea484253fcdf5a0f61f0d9aeaa5a25f51a1621c90d0cc461f041ba5dba7573092221287af620f0f1c573
